tests/inputs
tests/inputs/g.csv
tests/inputs/a
tests/inputs/a/a.txt
tests/inputs/a/b
tests/inputs/f
tests/inputs/f/f.txt
tests/inputs/d
tests/inputs/d/b.csv
tests/inputs/d/d.txt
tests/inputs/d/d.tsv
tests/inputs/d/e
